// Jest Snapshot v1, https://goo.gl/fbAQLP

exports[`HealthCheckBase Should configure DNS failover 1`] = `
Object {
  "Mappings": Object {
    "AWSCloudFrontPartitionHostedZoneIdMap": Object {
      "aws": Object {
        "zoneId": "Z2FDTNDATAQYW2",
      },
      "aws-cn": Object {
        "zoneId": "Z3RFFRIM2A3IF5",
      },
    },
  },
  "Parameters": Object {
    "BootstrapVersion": Object {
      "Default": "/cdk-bootstrap/hnb659fds/version",
      "Description": "Version of the CDK Bootstrap resources in this environment, automatically retrieved from SSM Parameter Store. [cdk:skip]",
      "Type": "AWS::SSM::Parameter::Value<String>",
    },
  },
  "Resources": Object {
    "ApplicationLoadBalancerFD56DEE1": Object {
      "Properties": Object {
        "LoadBalancerAttributes": Array [
          Object {
            "Key": "deletion_protection.enabled",
            "Value": "false",
          },
        ],
        "Scheme": "internal",
        "SecurityGroups": Array [
          Object {
            "Fn::GetAtt": Array [
              "ApplicationLoadBalancerSecurityGroup4BBE5415",
              "GroupId",
            ],
          },
        ],
        "Subnets": Array [
          Object {
            "Ref": "VpcPrivateSubnet1Subnet536B997A",
          },
          Object {
            "Ref": "VpcPrivateSubnet2Subnet3788AAA1",
          },
        ],
        "Type": "application",
      },
      "Type": "AWS::ElasticLoadBalancingV2::LoadBalancer",
    },
    "ApplicationLoadBalancerSecurityGroup4BBE5415": Object {
      "Properties": Object {
        "GroupDescription": "Automatically created Security Group for ELB ApplicationLoadBalancer",
        "SecurityGroupEgress": Array [
          Object {
            "CidrIp": "255.255.255.255/32",
            "Description": "Disallow all traffic",
            "FromPort": 252,
            "IpProtocol": "icmp",
            "ToPort": 86,
          },
        ],
        "VpcId": Object {
          "Ref": "Vpc8378EB38",
        },
      },
      "Type": "AWS::EC2::SecurityGroup",
    },
    "HealthCheckPrimaryCE09F256": Object {
      "Properties": Object {
        "HealthCheckConfig": Object {
          "EnableSNI": true,
          "FullyQualifiedDomainName": "www.pepperize.com",
          "Port": 443,
          "Type": "HTTPS",
        },
        "HealthCheckTags": Array [
          Object {
            "Key": "Name",
            "Value": "www.pepperize.com",
          },
        ],
      },
      "Type": "AWS::Route53::HealthCheck",
    },
    "HealthCheckSecondary019437FE": Object {
      "Properties": Object {
        "HealthCheckConfig": Object {
          "EnableSNI": true,
          "FullyQualifiedDomainName": "www-1.pepperize.com",
          "Port": 443,
          "Type": "HTTPS",
        },
        "HealthCheckTags": Array [
          Object {
            "Key": "Name",
            "Value": "www-1.pepperize.com",
          },
        ],
      },
      "Type": "AWS::Route53::HealthCheck",
    },
    "HostedZoneDB99F866": Object {
      "Properties": Object {
        "Name": "pepperize.com.",
      },
      "Type": "AWS::Route53::HostedZone",
    },
    "RecordSetPrimaryA4D70047": Object {
      "Properties": Object {
        "AliasTarget": Object {
          "DNSName": "pepperize.com",
          "HostedZoneId": Object {
            "Fn::FindInMap": Array [
              "AWSCloudFrontPartitionHostedZoneIdMap",
              Object {
                "Ref": "AWS::Partition",
              },
              "zoneId",
            ],
          },
        },
        "Failover": "PRIMARY",
        "HealthCheckId": Object {
          "Fn::GetAtt": Array [
            "HealthCheckPrimaryCE09F256",
            "HealthCheckId",
          ],
        },
        "HostedZoneId": Object {
          "Ref": "HostedZoneDB99F866",
        },
        "Name": "www.pepperize.com.",
        "Type": "A",
      },
      "Type": "AWS::Route53::RecordSet",
    },
    "RecordSetSecondary6B17D1A8": Object {
      "Properties": Object {
        "AliasTarget": Object {
          "DNSName": Object {
            "Fn::Join": Array [
              "",
              Array [
                "dualstack.",
                Object {
                  "Fn::GetAtt": Array [
                    "ApplicationLoadBalancerFD56DEE1",
                    "DNSName",
                  ],
                },
              ],
            ],
          },
          "EvaluateTargetHealth": true,
          "HostedZoneId": Object {
            "Fn::GetAtt": Array [
              "ApplicationLoadBalancerFD56DEE1",
              "CanonicalHostedZoneID",
            ],
          },
        },
        "Failover": "SECONDARY",
        "HealthCheckId": Object {
          "Fn::GetAtt": Array [
            "HealthCheckSecondary019437FE",
            "HealthCheckId",
          ],
        },
        "HostedZoneId": Object {
          "Ref": "HostedZoneDB99F866",
        },
        "Name": "www-1.pepperize.com.",
        "Type": "A",
      },
      "Type": "AWS::Route53::RecordSet",
    },
    "Vpc8378EB38": Object {
      "Properties": Object {
        "CidrBlock": "10.0.0.0/16",
        "EnableDnsHostnames": true,
        "EnableDnsSupport": true,
        "InstanceTenancy": "default",
        "Tags": Array [
          Object {
            "Key": "Name",
            "Value": "Default/Vpc",
          },
        ],
      },
      "Type": "AWS::EC2::VPC",
    },
    "VpcIGWD7BA715C": Object {
      "Properties": Object {
        "Tags": Array [
          Object {
            "Key": "Name",
            "Value": "Default/Vpc",
          },
        ],
      },
      "Type": "AWS::EC2::InternetGateway",
    },
    "VpcPrivateSubnet1DefaultRouteBE02A9ED": Object {
      "Properties": Object {
        "DestinationCidrBlock": "0.0.0.0/0",
        "NatGatewayId": Object {
          "Ref": "VpcPublicSubnet1NATGateway4D7517AA",
        },
        "RouteTableId": Object {
          "Ref": "VpcPrivateSubnet1RouteTableB2C5B500",
        },
      },
      "Type": "AWS::EC2::Route",
    },
    "VpcPrivateSubnet1RouteTableAssociation70C59FA6": Object {
      "Properties": Object {
        "RouteTableId": Object {
          "Ref": "VpcPrivateSubnet1RouteTableB2C5B500",
        },
        "SubnetId": Object {
          "Ref": "VpcPrivateSubnet1Subnet536B997A",
        },
      },
      "Type": "AWS::EC2::SubnetRouteTableAssociation",
    },
    "VpcPrivateSubnet1RouteTableB2C5B500": Object {
      "Properties": Object {
        "Tags": Array [
          Object {
            "Key": "Name",
            "Value": "Default/Vpc/PrivateSubnet1",
          },
        ],
        "VpcId": Object {
          "Ref": "Vpc8378EB38",
        },
      },
      "Type": "AWS::EC2::RouteTable",
    },
    "VpcPrivateSubnet1Subnet536B997A": Object {
      "Properties": Object {
        "AvailabilityZone": Object {
          "Fn::Select": Array [
            0,
            Object {
              "Fn::GetAZs": "",
            },
          ],
        },
        "CidrBlock": "10.0.128.0/18",
        "MapPublicIpOnLaunch": false,
        "Tags": Array [
          Object {
            "Key": "aws-cdk:subnet-name",
            "Value": "Private",
          },
          Object {
            "Key": "aws-cdk:subnet-type",
            "Value": "Private",
          },
          Object {
            "Key": "Name",
            "Value": "Default/Vpc/PrivateSubnet1",
          },
        ],
        "VpcId": Object {
          "Ref": "Vpc8378EB38",
        },
      },
      "Type": "AWS::EC2::Subnet",
    },
    "VpcPrivateSubnet2DefaultRoute060D2087": Object {
      "Properties": Object {
        "DestinationCidrBlock": "0.0.0.0/0",
        "NatGatewayId": Object {
          "Ref": "VpcPublicSubnet2NATGateway9182C01D",
        },
        "RouteTableId": Object {
          "Ref": "VpcPrivateSubnet2RouteTableA678073B",
        },
      },
      "Type": "AWS::EC2::Route",
    },
    "VpcPrivateSubnet2RouteTableA678073B": Object {
      "Properties": Object {
        "Tags": Array [
          Object {
            "Key": "Name",
            "Value": "Default/Vpc/PrivateSubnet2",
          },
        ],
        "VpcId": Object {
          "Ref": "Vpc8378EB38",
        },
      },
      "Type": "AWS::EC2::RouteTable",
    },
    "VpcPrivateSubnet2RouteTableAssociationA89CAD56": Object {
      "Properties": Object {
        "RouteTableId": Object {
          "Ref": "VpcPrivateSubnet2RouteTableA678073B",
        },
        "SubnetId": Object {
          "Ref": "VpcPrivateSubnet2Subnet3788AAA1",
        },
      },
      "Type": "AWS::EC2::SubnetRouteTableAssociation",
    },
    "VpcPrivateSubnet2Subnet3788AAA1": Object {
      "Properties": Object {
        "AvailabilityZone": Object {
          "Fn::Select": Array [
            1,
            Object {
              "Fn::GetAZs": "",
            },
          ],
        },
        "CidrBlock": "10.0.192.0/18",
        "MapPublicIpOnLaunch": false,
        "Tags": Array [
          Object {
            "Key": "aws-cdk:subnet-name",
            "Value": "Private",
          },
          Object {
            "Key": "aws-cdk:subnet-type",
            "Value": "Private",
          },
          Object {
            "Key": "Name",
            "Value": "Default/Vpc/PrivateSubnet2",
          },
        ],
        "VpcId": Object {
          "Ref": "Vpc8378EB38",
        },
      },
      "Type": "AWS::EC2::Subnet",
    },
    "VpcPublicSubnet1DefaultRoute3DA9E72A": Object {
      "DependsOn": Array [
        "VpcVPCGWBF912B6E",
      ],
      "Properties": Object {
        "DestinationCidrBlock": "0.0.0.0/0",
        "GatewayId": Object {
          "Ref": "VpcIGWD7BA715C",
        },
        "RouteTableId": Object {
          "Ref": "VpcPublicSubnet1RouteTable6C95E38E",
        },
      },
      "Type": "AWS::EC2::Route",
    },
    "VpcPublicSubnet1EIPD7E02669": Object {
      "Properties": Object {
        "Domain": "vpc",
        "Tags": Array [
          Object {
            "Key": "Name",
            "Value": "Default/Vpc/PublicSubnet1",
          },
        ],
      },
      "Type": "AWS::EC2::EIP",
    },
    "VpcPublicSubnet1NATGateway4D7517AA": Object {
      "DependsOn": Array [
        "VpcPublicSubnet1DefaultRoute3DA9E72A",
        "VpcPublicSubnet1RouteTableAssociation97140677",
      ],
      "Properties": Object {
        "AllocationId": Object {
          "Fn::GetAtt": Array [
            "VpcPublicSubnet1EIPD7E02669",
            "AllocationId",
          ],
        },
        "SubnetId": Object {
          "Ref": "VpcPublicSubnet1Subnet5C2D37C4",
        },
        "Tags": Array [
          Object {
            "Key": "Name",
            "Value": "Default/Vpc/PublicSubnet1",
          },
        ],
      },
      "Type": "AWS::EC2::NatGateway",
    },
    "VpcPublicSubnet1RouteTable6C95E38E": Object {
      "Properties": Object {
        "Tags": Array [
          Object {
            "Key": "Name",
            "Value": "Default/Vpc/PublicSubnet1",
          },
        ],
        "VpcId": Object {
          "Ref": "Vpc8378EB38",
        },
      },
      "Type": "AWS::EC2::RouteTable",
    },
    "VpcPublicSubnet1RouteTableAssociation97140677": Object {
      "Properties": Object {
        "RouteTableId": Object {
          "Ref": "VpcPublicSubnet1RouteTable6C95E38E",
        },
        "SubnetId": Object {
          "Ref": "VpcPublicSubnet1Subnet5C2D37C4",
        },
      },
      "Type": "AWS::EC2::SubnetRouteTableAssociation",
    },
    "VpcPublicSubnet1Subnet5C2D37C4": Object {
      "Properties": Object {
        "AvailabilityZone": Object {
          "Fn::Select": Array [
            0,
            Object {
              "Fn::GetAZs": "",
            },
          ],
        },
        "CidrBlock": "10.0.0.0/18",
        "MapPublicIpOnLaunch": true,
        "Tags": Array [
          Object {
            "Key": "aws-cdk:subnet-name",
            "Value": "Public",
          },
          Object {
            "Key": "aws-cdk:subnet-type",
            "Value": "Public",
          },
          Object {
            "Key": "Name",
            "Value": "Default/Vpc/PublicSubnet1",
          },
        ],
        "VpcId": Object {
          "Ref": "Vpc8378EB38",
        },
      },
      "Type": "AWS::EC2::Subnet",
    },
    "VpcPublicSubnet2DefaultRoute97F91067": Object {
      "DependsOn": Array [
        "VpcVPCGWBF912B6E",
      ],
      "Properties": Object {
        "DestinationCidrBlock": "0.0.0.0/0",
        "GatewayId": Object {
          "Ref": "VpcIGWD7BA715C",
        },
        "RouteTableId": Object {
          "Ref": "VpcPublicSubnet2RouteTable94F7E489",
        },
      },
      "Type": "AWS::EC2::Route",
    },
    "VpcPublicSubnet2EIP3C605A87": Object {
      "Properties": Object {
        "Domain": "vpc",
        "Tags": Array [
          Object {
            "Key": "Name",
            "Value": "Default/Vpc/PublicSubnet2",
          },
        ],
      },
      "Type": "AWS::EC2::EIP",
    },
    "VpcPublicSubnet2NATGateway9182C01D": Object {
      "DependsOn": Array [
        "VpcPublicSubnet2DefaultRoute97F91067",
        "VpcPublicSubnet2RouteTableAssociationDD5762D8",
      ],
      "Properties": Object {
        "AllocationId": Object {
          "Fn::GetAtt": Array [
            "VpcPublicSubnet2EIP3C605A87",
            "AllocationId",
          ],
        },
        "SubnetId": Object {
          "Ref": "VpcPublicSubnet2Subnet691E08A3",
        },
        "Tags": Array [
          Object {
            "Key": "Name",
            "Value": "Default/Vpc/PublicSubnet2",
          },
        ],
      },
      "Type": "AWS::EC2::NatGateway",
    },
    "VpcPublicSubnet2RouteTable94F7E489": Object {
      "Properties": Object {
        "Tags": Array [
          Object {
            "Key": "Name",
            "Value": "Default/Vpc/PublicSubnet2",
          },
        ],
        "VpcId": Object {
          "Ref": "Vpc8378EB38",
        },
      },
      "Type": "AWS::EC2::RouteTable",
    },
    "VpcPublicSubnet2RouteTableAssociationDD5762D8": Object {
      "Properties": Object {
        "RouteTableId": Object {
          "Ref": "VpcPublicSubnet2RouteTable94F7E489",
        },
        "SubnetId": Object {
          "Ref": "VpcPublicSubnet2Subnet691E08A3",
        },
      },
      "Type": "AWS::EC2::SubnetRouteTableAssociation",
    },
    "VpcPublicSubnet2Subnet691E08A3": Object {
      "Properties": Object {
        "AvailabilityZone": Object {
          "Fn::Select": Array [
            1,
            Object {
              "Fn::GetAZs": "",
            },
          ],
        },
        "CidrBlock": "10.0.64.0/18",
        "MapPublicIpOnLaunch": true,
        "Tags": Array [
          Object {
            "Key": "aws-cdk:subnet-name",
            "Value": "Public",
          },
          Object {
            "Key": "aws-cdk:subnet-type",
            "Value": "Public",
          },
          Object {
            "Key": "Name",
            "Value": "Default/Vpc/PublicSubnet2",
          },
        ],
        "VpcId": Object {
          "Ref": "Vpc8378EB38",
        },
      },
      "Type": "AWS::EC2::Subnet",
    },
    "VpcVPCGWBF912B6E": Object {
      "Properties": Object {
        "InternetGatewayId": Object {
          "Ref": "VpcIGWD7BA715C",
        },
        "VpcId": Object {
          "Ref": "Vpc8378EB38",
        },
      },
      "Type": "AWS::EC2::VPCGatewayAttachment",
    },
  },
  "Rules": Object {
    "CheckBootstrapVersion": Object {
      "Assertions": Array [
        Object {
          "Assert": Object {
            "Fn::Not": Array [
              Object {
                "Fn::Contains": Array [
                  Array [
                    "1",
                    "2",
                    "3",
                    "4",
                    "5",
                  ],
                  Object {
                    "Ref": "BootstrapVersion",
                  },
                ],
              },
            ],
          },
          "AssertDescription": "CDK bootstrap stack version 6 required. Please run 'cdk bootstrap' with a recent version of the CDK CLI.",
        },
      ],
    },
  },
}
`;
